Partition at of�ESP-ROM:esp32s3-20210327
Build:Mar 27 2021
rst:0x1 (POWERON),boot:0x8 (SPI_FAST_FLASH_BOOT)
SPIWP:0xee
mode:DIO, clock div:1
load:0x3fce2810,len:0x15a0
load:0x403c8700,len:0x4
load:0x403c8704,len:0xd20
load:0x403cb700,len:0x2f00
entry 0x403c8928
[0;32mI (27) boot: ESP-IDF v5.4.1 2nd stage bootloader[0m
[0;32mI (27) boot: compile time May 23 2026 10:26:28[0m
[0;32mI (27) boot: Multicore bootloader[0m
[0;32mI (27) boot: chip revision: v0.2[0m
[0;32mI (30) boot: efuse block revision: v1.3[0m
[0;32mI (33) boot.esp32s3: Boot SPI Speed : 80MHz[0m
[0;32mI (37) boot.esp32s3: SPI Mode       : DIO[0m
[0;32mI (41) boot.esp32s3: SPI Flash Size : 2MB[0m
[0;32mI (45) boot: Enabling RNG early entropy source...[0m
[0;32mI (49) boot: Partition Table:[0m
[0;32mI (52) boot: ## Label            Usage          Type ST Offset   Length[0m
[0;32mI (58) boot:  0 nvs              WiFi data        01 02 00009000 00006000[0m
[0;32mI (65) boot:  1 phy_init         RF data          01 01 0000f000 00001000[0m
[0;32mI (71) boot:  2 factory          factory app      00 00 00010000 00100000[0m
[0;32mI (78) boot: End of partition table[0m
[0;32mI (81) esp_image: segment 0: paddr=00010020 vaddr=3c030020 size=0d07ch ( 53372) map[0m
[0;32mI (98) esp_image: segment 1: paddr=0001d0a4 vaddr=3fc94100 size=02a38h ( 10808) load[0m
[0;32mI (100) esp_image: segment 2: paddr=0001fae4 vaddr=40374000 size=00534h (  1332) load[0m
[0;32mI (104) esp_image: segment 3: paddr=00020020 vaddr=42000020 size=22274h (139892) map[0m
[0;32mI (136) esp_image: segment 4: paddr=0004229c vaddr=40374534 size=0fb28h ( 64296) load[0m
[0;32mI (150) esp_image: segment 5: paddr=00051dcc vaddr=600fe100 size=0001ch (    28) load[0m
[0;32mI (156) boot: Loaded app from partition at offset 0x10000[0m
[0;32mI (156) boot: Disabling RNG early entropy source...[0m
[0;32mI (168) cpu_start: Multicore app[0m
[0;32mI (177) cpu_start: Pro cpu start user code[0m
[0;32mI (177) cpu_start: cpu freq: 240000000 Hz[0m
[0;32mI (177) app_init: Application information:[0m
[0;32mI (177) app_init: Project name:     edge_ai_anomaly[0m
[0;32mI (181) app_init: App version:      1[0m
[0;32mI (185) app_init: Compile time:     May 23 2026 10:30:56[0m
[0;32mI (190) app_init: ELF file SHA256:  3409f0d3c...[0m
[0;32mI (194) app_init: ESP-IDF:          v5.4.1[0m
[0;32mI (198) efuse_init: Min chip rev:     v0.0[0m
[0;32mI (202) efuse_init: Max chip rev:     v0.99 [0m
[0;32mI (206) efuse_init: Chip rev:         v0.2[0m
[0;32mI (210) heap_init: Initializing. RAM available for dynamic allocation:[0m
[0;32mI (216) heap_init: At 3FC97458 len 000522B8 (328 KiB): RAM[0m
[0;32mI (221) heap_init: At 3FCE9710 len 00005724 (21 KiB): RAM[0m
[0;32mI (226) heap_init: At 3FCF0000 len 00008000 (32 KiB): DRAM[0m
[0;32mI (231) heap_init: At 600FE11C len 00001ECC (7 KiB): RTCRAM[0m
[0;32mI (238) spi_flash: detected chip: generic[0m
[0;32mI (240) spi_flash: flash io: dio[0m
[0;33mW (243) spi_flash: Detected size(16384k) larger than the size in the binary image header(2048k). Using the size in the binary image header.[0m
[0;33mW (256) i2c: This driver is an old driver, please migrate your application code to adapt `driver/i2c_master.h`[0m
[0;32mI (265) sleep_gpio: Configure to isolate all GPIO pins in sleep state[0m
[0;32mI (272) sleep_gpio: Enable automatic switching of GPIO sleep configuration[0m
[0;32mI (279) main_task: Started on CPU0[0m
[0;32mI (289) main_task: Calling app_main()[0m
Guru Meditation Error: Core  0 panic'ed (Interrupt wdt timeout on CPU0). 

Core  0 register dump:
PC      : 0x40041a76  PS      : 0x00060a34  A0      : 0x8200a52c  A1      : 0x3fc9dda0  
A2      : 0xfaf297f0  A3      : 0x00000000  A4      : 0xb33fffff  A5      : 0x00060c23  
A6      : 0x00000000  A7      : 0x0000cdcd  A8      : 0x47586c0b  A9      : 0x042b1daa  
A10     : 0x00000000  A11     : 0x00000000  A12     : 0xb33fffff  A13     : 0xffffffff  
A14     : 0x00000000  A15     : 0x00120000  SAR     : 0x00000000  EXCCAUSE: 0x00000005  
EXCVADDR: 0x00000000  LBEG    : 0x400570e8  LEND    : 0x400570f3  LCOUNT  : 0xffffffff  


Backtrace: 0x40041a73:0x3fc9dda0 0x4200a529:0x3fc9ddc0 0x4200a669:0x3fc9dde0 0x4200a2ed:0x3fc9de10 0x4200a455:0x3fc9de50 0x42009e65:0x3fc9de80 0x4200a003:0x3fc9dee0 0x420215bb:0x3fc9df40 0x4037bd4d:0x3fc9df70


Core  1 register dump:
PC      : 0x40378b1a  PS      : 0x00060734  A0      : 0x82002ee1  A1      : 0x3fc9edd0  
A2      : 0x00000000  A3      : 0x00000000  A4      : 0x3fc98c10  A5      : 0x3fc98bf0  
A6      : 0x40375f0c  A7      : 0x00000001  A8      : 0x8200cffa  A9      : 0x3fc9ed90  
A10     : 0x00000000  A11     : 0x00000000  A12     : 0x3fc98bf0  A13     : 0x3fc98bd0  
A14     : 0x00000001  A15     : 0x3fc9ef9c  SAR     : 0x00000000  EXCCAUSE: 0x00000005  
EXCVADDR: 0x00000000  LBEG    : 0x00000000  LEND    : 0x00000000  LCOUNT  : 0x00000000  


Backtrace: 0x40378b17:0x3fc9edd0 0x42002ede:0x3fc9edf0 0x4037ccc5:0x3fc9ee10 0x4037bd4d:0x3fc9ee30




ELF file SHA256: 3409f0d3c

Rebooting...
ESP-ROM:esp32s3-20210327
Build:Mar 27 2021
rst:0xc (RTC_SW_CPU_RST),boot:0x8 (SPI_FAST_FLASH_BOOT)
Saved PC:0x40375acc
SPIWP:0xee
mode:DIO, clock div:1
load:0x3fce2810,len:0x15a0
load:0x403c8700,len:0x4
load:0x403c8704,len:0xd20
load:0x403cb700,len:0x2f00
entry 0x403c8928
[0;32mI (31) boot: ESP-IDF v5.4.1 2nd stage bootloader[0m
[0;32mI (31) boot: compile time May 23 2026 10:26:28[0m
[0;32mI (31) boot: Multicore bootloader[0m
[0;32mI (31) boot: chip revision: v0.2[0m
[0;32mI (34) boot: efuse block revision: v1.3[0m
[0;32mI (38) boot.esp32s3: Boot SPI Speed : 80MHz[0m
[0;32mI (42) boot.esp32s3: SPI Mode       : DIO[0m
[0;32mI (45) boot.esp32s3: SPI Flash Size : 2MB[0m
[0;32mI (49) boot: Enabling RNG early entropy source...[0m
[0;32mI (54) boot: Partition Table:[0m
[0;32mI (56) boot: ## Label            Usage          Type ST Offset   Length[0m
[0;32mI (63) boot:  0 nvs              WiFi data        01 02 00009000 00006000[0m
[0;32mI (69) boot:  1 phy_init         RF data          01 01 0000f000 00001000[0m
[0;32mI (76) boot:  2 factory          factory app      00 00 00010000 00100000[0m
[0;32mI (82) boot: End of partition table[0m
[0;32mI (85) esp_image: segment 0: paddr=00010020 vaddr=3c030020 size=0d07ch ( 53372) map[0m
[0;32mI (102) esp_image: segment 1: paddr=0001d0a4 vaddr=3fc94100 size=02a38h ( 10808) load[0m
[0;32mI (105) esp_image: segment 2: paddr=0001fae4 vaddr=40374000 size=00534h (  1332) load[0m
[0;32mI (108) esp_image: segment 3: paddr=00020020 vaddr=42000020 size=22274h (139892) map[0m
[0;32mI (140) esp_image: segment 4: paddr=0004229c vaddr=40374534 size=0fb28h ( 64296) load[0m
[0;32mI (154) esp_image: segment 5: paddr=00051dcc vaddr=600fe100 size=0001ch (    28) load[0m
[0;32mI (161) boot: Loaded app from partition at offset 0x10000[0m
[0;32mI (161) boot: Disabling RNG early entropy source...[0m
[0;32mI (172) cpu_start: Multicore app[0m
[0;32mI (181) cpu_start: Pro cpu start user code[0m
[0;32mI (181) cpu_start: cpu freq: 240000000 Hz[0m
[0;32mI (181) app_init: Application information:[0m
[0;32mI (181) app_init: Project name:     edge_ai_anomaly[0m
[0;32mI (186) app_init: App version:      1[0m
[0;32mI (189) app_init: Compile time:     May 23 2026 10:30:56[0m
[0;32mI (194) app_init: ELF file SHA256:  3409f0d3c...[0m
[0;32mI (199) app_init: ESP-IDF:          v5.4.1[0m
[0;32mI (202) efuse_init: Min chip rev:     v0.0[0m
[0;32mI (206) efuse_init: Max chip rev:     v0.99 [0m
[0;32mI (210) efuse_init: Chip rev:         v0.2[0m
[0;32mI (214) heap_init: Initializing. RAM available for dynamic allocation:[0m
[0;32mI (220) heap_init: At 3FC97458 len 000522B8 (328 KiB): RAM[0m
[0;32mI (225) heap_init: At 3FCE9710 len 00005724 (21 KiB): RAM[0m
[0;32mI (231) heap_init: At 3FCF0000 len 00008000 (32 KiB): DRAM[0m
[0;32mI (236) heap_init: At 600FE11C len 00001ECC (7 KiB): RTCRAM[0m
[0;32mI (242) spi_flash: detected chip: generic[0m
[0;32mI (245) spi_flash: flash io: dio[0m
[0;33mW (248) spi_flash: Detected size(16384k) larger than the size in the binary image header(2048k). Using the size in the binary image header.[0m
[0;33mW (260) i2c: This driver is an old driver, please migrate your application code to adapt `driver/i2c_master.h`[0m
[0;32mI (270) sleep_gpio: Configure to isolate all GPIO pins in sleep state[0m
[0;32mI (276) sleep_gpio: Enable automatic switching of GPIO sleep configuration[0m
[0;32mI (283) main_task: Started on CPU0[0m
[0;32mI (293) main_task: Calling app_main()[0m
