���}�х��� Multicore a�ESP-ROM:esp32s3-20210327
Build:Mar 27 2021
rst:0x1 (POWERON),boot:0x8 (SPI_FAST_FLASH_BOOT)
SPIWP:0xee
mode:DIO, clock div:1
load:0x3fce2810,len:0x15a0
load:0x403c8700,len:0x4
load:0x403c8704,len:0xd20
load:0x403cb700,len:0x2f00
entry 0x403c8928
[0;32mI (27) boot: ESP-IDF v5.4.1 2nd stage bootloader[0m
[0;32mI (27) boot: compile time May 23 2026 10:26:28[0m
[0;32mI (27) boot: Multicore bootloader[0m
[0;32mI (27) boot: chip revision: v0.2[0m
[0;32mI (30) boot: efuse block revision: v1.3[0m
[0;32mI (33) boot.esp32s3: Boot SPI Speed : 80MHz[0m
[0;32mI (37) boot.esp32s3: SPI Mode       : DIO[0m
[0;32mI (41) boot.esp32s3: SPI Flash Size : 2MB[0m
[0;32mI (45) boot: Enabling RNG early entropy source...[0m
[0;32mI (49) boot: Partition Table:[0m
[0;32mI (52) boot: ## Label            Usage          Type ST Offset   Length[0m
[0;32mI (58) boot:  0 nvs              WiFi data        01 02 00009000 00006000[0m
[0;32mI (65) boot:  1 phy_init         RF data          01 01 0000f000 00001000[0m
[0;32mI (71) boot:  2 factory          factory app      00 00 00010000 00100000[0m
[0;32mI (78) boot: End of partition table[0m
[0;32mI (81) esp_image: segment 0: paddr=00010020 vaddr=3c030020 size=0d01ch ( 53276) map[0m
[0;32mI (98) esp_image: segment 1: paddr=0001d044 vaddr=3fc94100 size=02a38h ( 10808) load[0m
[0;32mI (100) esp_image: segment 2: paddr=0001fa84 vaddr=40374000 size=00594h (  1428) load[0m
[0;32mI (104) esp_image: segment 3: paddr=00020020 vaddr=42000020 size=22228h (139816) map[0m
[0;32mI (136) esp_image: segment 4: paddr=00042250 vaddr=40374594 size=0fac8h ( 64200) load[0m
[0;32mI (150) esp_image: segment 5: paddr=00051d20 vaddr=600fe100 size=0001ch (    28) load[0m
[0;32mI (156) boot: Loaded app from partition at offset 0x10000[0m
[0;32mI (156) boot: Disabling RNG early entropy source...[0m
[0;32mI (167) cpu_start: Multicore app[0m
[0;32mI (177) cpu_start: Pro cpu start user code[0m
[0;32mI (177) cpu_start: cpu freq: 240000000 Hz[0m
[0;32mI (177) app_init: Application information:[0m
[0;32mI (177) app_init: Project name:     edge_ai_anomaly[0m
[0;32mI (181) app_init: App version:      1[0m
[0;32mI (185) app_init: Compile time:     May 23 2026 10:30:56[0m
[0;32mI (190) app_init: ELF file SHA256:  b95c3f059...[0m
[0;32mI (194) app_init: ESP-IDF:          v5.4.1[0m
[0;32mI (198) efuse_init: Min chip rev:     v0.0[0m
[0;32mI (202) efuse_init: Max chip rev:     v0.99 [0m
[0;32mI (206) efuse_init: Chip rev:         v0.2[0m
[0;32mI (210) heap_init: Initializing. RAM available for dynamic allocation:[0m
[0;32mI (216) heap_init: At 3FC97458 len 000522B8 (328 KiB): RAM[0m
[0;32mI (221) heap_init: At 3FCE9710 len 00005724 (21 KiB): RAM[0m
[0;32mI (226) heap_init: At 3FCF0000 len 00008000 (32 KiB): DRAM[0m
[0;32mI (231) heap_init: At 600FE11C len 00001ECC (7 KiB): RTCRAM[0m
[0;32mI (238) spi_flash: detected chip: generic[0m
[0;32mI (240) spi_flash: flash io: dio[0m
[0;33mW (243) spi_flash: Detected size(16384k) larger than the size in the binary image header(2048k). Using the size in the binary image header.[0m
[0;33mW (256) i2c: This driver is an old driver, please migrate your application code to adapt `driver/i2c_master.h`[0m
[0;32mI (265) sleep_gpio: Configure to isolate all GPIO pins in sleep state[0m
[0;32mI (272) sleep_gpio: Enable automatic switching of GPIO sleep configuration[0m
[0;32mI (278) main_task: Started on CPU0[0m
[0;32mI (288) main_task: Calling app_main()[0m
[0;32mI (288) SENSOR_TEST: Found 0 devices[0m
[1;31mE (288) SENSOR_TEST: No DS18B20 device found[0m
[1;31mE (298) owb: bus is not initialised[0m
[1;31mE (298) owb: bus is not initialised[0m
[1;31mE (298) owb: bus is not initialised[0m
[1;31mE (298) owb: bus is not initialised[0m
[1;31mE (308) ds18b20: ds18b20_info is NULL[0m
[1;31mE (308) ds18b20: ds18b20_info is NULL[0m
[1;31mE (308) SENSOR_TEST: Temperature read error[0m
[0;32mI (318) SENSOR_TEST: ACCEL: X=0.67 Y=-0.59 Z=0.56 | SOUND=nan | TEMP=nan[0m
Guru Meditation Error: Core  0 panic'ed (LoadProhibited). Exception was unhandled.

Core  0 register dump:
PC      : 0x4200a138  PS      : 0x00060a30  A0      : 0x8200ac1e  A1      : 0x3fc9de60  
A2      : 0x3fc9dea4  A3      : 0x3fc9de80  A4      : 0x00000000  A5      : 0x00000000  
A6      : 0x7ff00000  A7      : 0x41052a56  A8      : 0x00001000  A9      : 0x3fc9de40  
A10     : 0x00000001  A11     : 0x3ff00000  A12     : 0x00000000  A13     : 0x3ff00000  
A14     : 0x7ff00000  A15     : 0x00000000  SAR     : 0x0000001d  EXCCAUSE: 0x0000001c  
EXCVADDR: 0x00001008  LBEG    : 0x42011ff2  LEND    : 0x4201202c  LCOUNT  : 0x00000000  


Backtrace: 0x4200a135:0x3fc9de60 0x4200ac1b:0x3fc9de80 0x42009f99:0x3fc9deb0 0x4200a014:0x3fc9dee0 0x4202156f:0x3fc9df40 0x4037bd4d:0x3fc9df70




ELF file SHA256: b95c3f059

Rebooting...
ESP-ROM:esp32s3-20210327
Build:Mar 27 2021
rst:0xc (RTC_SW_CPU_RST),boot:0x8 (SPI_FAST_FLASH_BOOT)
Saved PC:0x40375acc
SPIWP:0xee
mode:DIO, clock div:1
load:0x3fce2810,len:0x15a0
load:0x403c8700,len:0x4
load:0x403c8704,len:0xd20
load:0x403cb700,len:0x2f00
entry 0x403c8928
[0;32mI (31) boot: ESP-IDF v5.4.1 2nd stage bootloader[0m
[0;32mI (31) boot: compile time May 23 2026 10:26:28[0m
[0;32mI (31) boot: Multicore bootloader[0m
[0;32mI (31) boot: chip revision: v0.2[0m
[0;32mI (34) boot: efuse block revision: v1.3[0m
[0;32mI (38) boot.esp32s3: Boot SPI Speed : 80MHz[0m
[0;32mI (42) boot.esp32s3: SPI Mode       : DIO[0m
[0;32mI (45) boot.esp32s3: SPI Flash Size : 2MB[0m
[0;32mI (49) boot: Enabling RNG early entropy source...[0m
[0;32mI (54) boot: Partition Table:[0m
[0;32mI (56) boot: ## Label            Usage          Type ST Offset   Length[0m
[0;32mI (63) boot:  0 nvs              WiFi data        01 02 00009000 00006000[0m
[0;32mI (69) boot:  1 phy_init         RF data          01 01 0000f000 00001000[0m
[0;32mI (76) boot:  2 factory          factory app      00 00 00010000 00100000[0m
[0;32mI (82) boot: End of partition table[0m
[0;32mI (85) esp_image: segment 0: paddr=00010020 vaddr=3c030020 size=0d01ch ( 53276) map[0m
[0;32mI (102) esp_image: segment 1: paddr=0001d044 vaddr=3fc94100 size=02a38h ( 10808) load[0m
[0;32mI (105) esp_image: segment 2: paddr=0001fa84 vaddr=40374000 size=00594h (  1428) load[0m
[0;32mI (108) esp_image: segment 3: paddr=00020020 vaddr=42000020 size=22228h (139816) map[0m
[0;32mI (140) esp_image: segment 4: paddr=00042250 vaddr=40374594 size=0fac8h ( 64200) load[0m
[0;32mI (154) esp_image: segment 5: paddr=00051d20 vaddr=600fe100 size=0001ch (    28) load[0m
[0;32mI (161) boot: Loaded app from partition at offset 0x10000[0m
[0;32mI (161) boot: Disabling RNG early entropy source...[0m
[0;32mI (172) cpu_start: Multicore app[0m
[0;32mI (181) cpu_start: Pro cpu start user code[0m
[0;32mI (181) cpu_start: cpu freq: 240000000 Hz[0m
[0;32mI (181) app_init: Application information:[0m
[0;32mI (181) app_init: Project name:     edge_ai_anomaly[0m
[0;32mI (186) app_init: App version:      1[0m
[0;32mI (189) app_init: Compile time:     May 23 2026 10:30:56[0m
[0;32mI (194) app_init: ELF file SHA256:  b95c3f059...[0m
[0;32mI (199) app_init: ESP-IDF:          v5.4.1[0m
[0;32mI (202) efuse_init: Min chip rev:     v0.0[0m
[0;32mI (206) efuse_init: Max chip rev:     v0.99 [0m
[0;32mI (210) efuse_init: Chip rev:         v0.2[0m
[0;32mI (214) heap_init: Initializing. RAM available for dynamic allocation:[0m
[0;32mI (220) heap_init: At 3FC97458 len 000522B8 (328 KiB): RAM[0m
[0;32mI (225) heap_init: At 3FCE9710 len 00005724 (21 KiB): RAM[0m
[0;32mI (231) heap_init: At 3FCF0000 len 00008000 (32 KiB): DRAM[0m
[0;32mI (236) heap_init: At 600FE11C len 00001ECC (7 KiB): RTCRAM[0m
[0;32mI (242) spi_flash: detected chip: generic[0m
[0;32mI (245) spi_flash: flash io: dio[0m
[0;33mW (248) spi_flash: Detected size(16384k) larger than the size in the binary image header(2048k). Using the size in the binary image header.[0m
[0;33mW (260) i2c: This driver is an old driver, please migrate your application code to adapt `driver/i2c_master.h`[0m
[0;32mI (270) sleep_gpio: Configure to isolate all GPIO pins in sleep state[0m
[0;32mI (276) sleep_gpio: Enable automatic switching of GPIO sleep configuration[0m
[0;32mI (283) main_task: Started on CPU0[0m
[0;32mI (293) main_task: Calling app_main()[0m
[0;32mI (293) SENSOR_TEST: Found 0 devices[0m
[1;31mE (293) SENSOR_TEST: No DS18B20 device found[0m
[1;31mE (303) owb: bus is not initialised[0m
[1;31mE (303) owb: bus is not initialised[0m
[1;31mE (303) owb: bus is not initialised[0m
[1;31mE (303) owb: bus is not initialised[0m
[1;31mE (313) ds18b20: ds18b20_info is NULL[0m
[1;31mE (313) ds18b20: ds18b20_info is NULL[0m
[1;31mE (313) SENSOR_TEST: Temperature read error[0m
[0;32mI (323) SENSOR_TEST: ACCEL: X=0.67 Y=-0.59 Z=0.56 | SOUND=nan | TEMP=nan[0m
Guru Meditation Error: Core  0 panic'ed (LoadProhibited). Exception was unhandled.

Core  0 register dump:
PC      : 0x4200a138  PS      : 0x00060a30  A0      : 0x8200ac1e  A1      : 0x3fc9de60  
A2      : 0x3fc9dea4  A3      : 0x3fc9de80  A4      : 0x00000000  A5      : 0x00000000  
A6      : 0x7ff00000  A7      : 0x40fad92c  A8      : 0x00001000  A9      : 0x3fc9de40  
A10     : 0x00000001  A11     : 0x3ff00000  A12     : 0x00000000  A13     : 0x3ff00000  
A14     : 0x7ff00000  A15     : 0x00000000  SAR     : 0x0000001d  EXCCAUSE: 0x0000001c  
EXCVADDR: 0x00001008  LBEG    : 0x42011ff2  LEND    : 0x4201202c  LCOUNT  : 0x00000000  


Backtrace: 0x4200a135:0x3fc9de60 0x4200ac1b:0x3fc9de80 0x42009f99:0x3fc9deb0 0x4200a014:0x3fc9dee0 0x4202156f:0x3fc9df40 0x4037bd4d:0x3fc9df70




ELF file SHA256: b95c3f059

Rebooting...
���ESP-ROM:esp32s3-20210327
Build:Mar 27 2021
rst:0xc (RTC_SW_CPU_RST),boot:0x8 (SPI_FAST_FLASH_BOOT)
Saved PC:0x40375acc
SPIWP:0xee
mode:DIO, clock div:1
load:0x3fce2810,len:0x15a0
load:0x403c8700,len:0x4
load:0x403c8704,len:0xd20
load:0x403cb700,len:0x2f00
entry 0x403c8928
[0;32mI (31) boot: ESP-IDF v5.4.1 2nd stage bootloader[0m
[0;32mI (31) boot: compile time May 23 2026 10:26:28[0m
[0;32mI (31) boot: Multicore bootloader[0m
[0;32mI (31) boot: chip revision: v0.2[0m
[0;32mI (34) boot: efuse block revision: v1.3[0m
[0;32mI (38) boot.esp32s3: Boot SPI Speed : 80MHz[0m
[0;32mI (42) boot.esp32s3: SPI Mode       : DIO[0m
[0;32mI (45) boot.esp32s3: SPI Flash Size : 2MB[0m
[0;32mI (49) boot: Enabling RNG early entropy source...[0m
[0;32mI (54) boot: Partition Table:[0m
[0;32mI (56) boot: ## Label            Usage          Type ST Offset   Length[0m
[0;32mI (63) boot:  0 nvs              WiFi data        01 02 00009000 00006000[0m
[0;32mI (69) boot:  1 phy_init         RF data          01 01 0000f000 00001000[0m
[0;32mI (76) boot:  2 factory          factory app      00 00 00010000 00100000[0m
[0;32mI (82) boot: End of partition table[0m
[0;32mI (85) esp_image: segment 0: paddr=00010020 vaddr=3c030020 size=0d01ch ( 53276) map[0m
[0;32mI (102) esp_image: segment 1: paddr=0001d044 vaddr=3fc94100 size=02a38h ( 10808) load[0m
[0;32mI (105) esp_image: segment 2: paddr=0001fa84 vaddr=40374000 size=00594h (  1428) load[0m
[0;32mI (108) esp_image: segment 3: paddr=00020020 vaddr=42000020 size=22228h (139816) map[0m
[0;32mI (140) esp_image: segment 4: paddr=00042250 vaddr=40374594 size=0fac8h ( 64200) load[0m
[0;32mI (154) esp_image: segment 5: paddr=00051d20 vaddr=600fe100 size=0001ch (    28) load[0m
[0;32mI (161) boot: Loaded app from partition at offset 0x10000[0m
[0;32mI (161) boot: Disabling RNG early entropy source...[0m
[0;32mI (172) cpu_start: Multicore app[0m
[0;32mI (181) cpu_start: Pro cpu start user code[0m
[0;32mI (181) cpu_start: cpu freq: 240000000 Hz[0m
[0;32mI (181) app_init: Application information:[0m
[0;32mI (181) app_init: Project name:     edge_ai_anomaly[0m
[0;32mI (186) app_init: App version:      1[0m
[0;32mI (189) app_init: Compile time:     May 23 2026 10:30:56[0m
[0;32mI (194) app_init: ELF file SHA256:  b95c3f059...[0m
[0;32mI (199) app_init: ESP-IDF:          v5.4.1[0m
[0;32mI (202) efuse_init: Min chip rev:     v0.0[0m
[0;32mI (206) efuse_init: Max chip rev:     v0.99 [0m
[0;32mI (210) efuse_init: Chip rev:         v0.2[0m
[0;32mI (214) heap_init: Initializing. RAM available for dynamic allocation:[0m
[0;32mI (220) heap_init: At 3FC97458 len 000522B8 (328 KiB): RAM[0m
[0;32mI (225) heap_init: At 3FCE9710 len 00005724 (21 KiB): RAM[0m
[0;32mI (231) heap_init: At 3FCF0000 len 00008000 (32 KiB): DRAM[0m
[0;32mI (236) heap_init: At 600FE11C len 00001ECC (7 KiB): RTCRAM[0m
[0;32mI (242) spi_flash: detected chip: generic[0m
[0;32mI (245) spi_flash: flash io: dio[0m
[0;33mW (248) spi_flash: Detected size(16384k) larger than the size in the binary image header(2048k). Using the size in the binary image header.[0m
[0;33mW (260) i2c: This driver is an old driver, please migrate your application code to adapt `driver/i2c_master.h`[0m
[0;32mI (270) sleep_gpio: Configure to isolate all GPIO pins in sleep state[0m
[0;32mI (276) sleep_gpio: Enable automatic switching of GPIO sleep configuration[0m
[0;32mI (283) main_task: Started on CPU0[0m
[0;32mI (293) main_task: Calling app_main()[0m
[0;32mI (293) SENSOR_TEST: Found 0 devices[0m
[1;31mE (293) SENSOR_TEST: No DS18B20 device found[0m
[1;31mE (303) owb: bus is not initialised[0m
[1;31mE (303) owb: bus is not initialised[0m
[1;31mE (303) owb: bus is not initialised[0m
[1;31mE (303) owb: bus is not initialised[0m
[1;31mE (313) ds18b20: ds18b20_info is NULL[0m
[1;31mE (313) ds18b20: ds18b20_info is NULL[0m
[1;31mE (313) SENSOR_TEST: Temperature read error[0m
[0;32mI (323) SENSOR_TEST: ACCEL: X=0.68 Y=-0.58 Z=0.57 | SOUND=nan | TEMP=nan[0m
Guru Meditation Error: Core  0 panic'ed (LoadProhibited). Exception was unhandled.

Core  0 register dump:
PC      : 0x4200a138  PS      : 0x00060a30  A0      : 0x8200ac1e  A1      : 0x3fc9de60  
A2      : 0x3fc9dea4  A3      : 0x3fc9de80  A4      : 0x00000000  A5      : 0x00000000  
A6      : 0x7ff00000  A7      : 0x4127d5d2  A8      : 0x00001000  A9      : 0x3fc9de40  
A10     : 0x00000001  A11     : 0x3ff00000  A12     : 0x00000000  A13     : 0x3ff00000  
A14     : 0x7ff00000  A15     : 0x00000000  SAR     : 0x0000001d  EXCCAUSE: 0x0000001c  
EXCVADDR: 0x00001008  LBEG    : 0x42011ff2  LEND    : 0x4201202c  LCOUNT  : 0x00000000  


Backtrace: 0x4200a135:0x3fc9de60 0x4200ac1b:0x3fc9de80 0x42009f99:0x3fc9deb0 0x4200a014:0x3fc9dee0 0x4202156f:0x3fc9df40 0x4037bd4d:0x3fc9df70




ELF file SHA256: b95c3f059

Rebooting...
���ESP-ROM:esp32s3-20210327
Build:Mar 27 2021
rst:0xc (RTC_SW_CPU_RST),boot:0x8 (SPI_FAST_FLASH_BOOT)
Saved PC:0x40375acc
SPIWP:0xee
mode:DIO, clock div:1
load:0x3fce2810,len:0x15a0
load:0x403c8700,len:0x4
load:0x403c8704,len:0xd20
load:0x403cb700,len:0x2f00
entry 0x403c8928
[0;32mI (31) boot: ESP-IDF v5.4.1 2nd stage bootloader[0m
[0;32mI (31) boot: compile time May 23 2026 10:26:28[0m
[0;32mI (31) boot: Multicore bootloader[0m
[0;32mI (31) boot: chip revision: v0.2[0m
[0;32mI (34) boot: efuse block revision: v1.3[0m
[0;32mI (38) boot.esp32s3: Boot SPI Speed : 80MHz[0m
[0;32mI (42) boot.esp32s3: SPI Mode       : DIO[0m
[0;32mI (45) boot.esp32s3: SPI Flash Size : 2MB[0m
[0;32mI (49) boot: Enabling RNG early entropy source...[0m
[0;32mI (54) boot: Partition Table:[0m
[0;32mI (56) boot: ## Label            Usage          Type ST Offset   Length[0m
[0;32mI (63) boot:  0 nvs              WiFi data        01 02 00009000 00006000[0m
[0;32mI (69) boot:  1 phy_init         RF data          01 01 0000f000 00001000[0m
[0;32mI (76) boot:  2 factory          factory app      00 00 00010000 00100000[0m
[0;32mI (82) boot: End of partition table[0m
[0;32mI (85) esp_image: segment 0: paddr=00010020 vaddr=3c030020 size=0d01ch ( 53276) map[0m
[0;32mI (102) esp_image: segment 1: paddr=0001d044 vaddr=3fc94100 size=02a38h ( 10808) load[0m
[0;32mI (105) esp_image: segment 2: paddr=0001fa84 vaddr=40374000 size=00594h (  1428) load[0m
[0;32mI (108) esp_image: segment 3: paddr=00020020 vaddr=42000020 size=22228h (139816) map[0m
[0;32mI (140) esp_image: segment 4: paddr=00042250 vaddr=40374594 size=0fac8h ( 64200) load[0m
[0;32mI (154) esp_image: segment 5: paddr=00051d20 vaddr=600fe100 size=0001ch (    28) load[0m
[0;32mI (161) boot: Loaded app from partition at offset 0x10000[0m
[0;32mI (161) boot: Disabling RNG early entropy source...[0m
[0;32mI (172) cpu_start: Multicore app[0m
[0;32mI (181) cpu_start: Pro cpu start user code[0m
[0;32mI (181) cpu_start: cpu freq: 240000000 Hz[0m
[0;32mI (181) app_init: Application information:[0m
[0;32mI (181) app_init: Project name:     edge_ai_anomaly[0m
[0;32mI (186) app_init: App version:      1[0m
[0;32mI (189) app_init: Compile time:     May 23 2026 10:30:56[0m
[0;32mI (194) app_init: ELF file SHA256:  b95c3f059...[0m
[0;32mI (199) app_init: ESP-IDF:          v5.4.1[0m
[0;32mI (202) efuse_init: Min chip rev:     v0.0[0m
[0;32mI (206) efuse_init: Max chip rev:     v0.99 [0m
[0;32mI (210) efuse_init: Chip rev:         v0.2[0m
[0;32mI (214) heap_init: Initializing. RAM available for dynamic allocation:[0m
[0;32mI (220) heap_init: At 3FC97458 len 000522B8 (328 KiB): RAM[0m
[0;32mI (225) heap_init: At 3FCE9710 len 00005724 (21 KiB): RAM[0m
[0;32mI (231) heap_init: At 3FCF0000 len 00008000 (32 KiB): DRAM[0m
[0;32mI (236) heap_init: At 600FE11C len 00001ECC (7 KiB): RTCRAM[0m
[0;32mI (242) spi_flash: detected chip: generic[0m
[0;32mI (245) spi_flash: flash io: dio[0m
[0;33mW (248) spi_flash: Detected size(16384k) larger than the size in the binary image header(2048k). Using the size in the binary image header.[0m
[0;33mW (260) i2c: This driver is an old driver, please migrate your application code to adapt `driver/i2c_master.h`[0m
[0;32mI (270) sleep_gpio: Configure to isolate all GPIO pins in sleep state[0m
[0;32mI (276) sleep_gpio: Enable automatic switching of GPIO sleep configuration[0m
[0;32mI (283) main_task: Started on CPU0[0m
[0;32mI (293) main_task: Calling app_main()[0m
[0;32mI (293) SENSOR_TEST: Found 0 devices[0m
[1;31mE (293) SENSOR_TEST: No DS18B20 device found[0m
[1;31mE (303) owb: bus is not initialised[0m
[1;31mE (303) owb: bus is not initialised[0m
[1;31mE (303) owb: bus is not initialised[0m
[1;31mE (303) owb: bus is not initialised[0m
[1;31mE (313) ds18b20: ds18b20_info is NULL[0m
[1;31mE (313) ds18b20: ds18b20_info is NULL[0m
[1;31mE (313) SENSOR_TEST: Temperature read error[0m
[0;32mI (323) SENSOR_TEST: ACCEL: X=0.67 Y=-0.59 Z=0.56 | SOUND=nan | TEMP=nan[0m
