=��½R�����to init external RAM!�ESP-ROM:esp32s3-20210327
Build:Mar 27 2021
rst:0x1 (POWERON),boot:0x8 (SPI_FAST_FLASH_BOOT)
SPIWP:0xee
mode:DIO, clock div:1
load:0x3fce2810,len:0x15a0
load:0x403c8700,len:0x4
load:0x403c8704,len:0xd20
load:0x403cb700,len:0x2f00
entry 0x403c8928
[0;32mI (27) boot: ESP-IDF v5.4.1 2nd stage bootloader[0m
[0;32mI (27) boot: compile time May 23 2026 10:26:28[0m
[0;32mI (27) boot: Multicore bootloader[0m
[0;32mI (27) boot: chip revision: v0.2[0m
[0;32mI (30) boot: efuse block revision: v1.3[0m
[0;32mI (33) boot.esp32s3: Boot SPI Speed : 80MHz[0m
[0;32mI (37) boot.esp32s3: SPI Mode       : DIO[0m
[0;32mI (41) boot.esp32s3: SPI Flash Size : 2MB[0m
[0;32mI (45) boot: Enabling RNG early entropy source...[0m
[0;32mI (49) boot: Partition Table:[0m
[0;32mI (52) boot: ## Label            Usage          Type ST Offset   Length[0m
[0;32mI (58) boot:  0 nvs              WiFi data        01 02 00009000 00006000[0m
[0;32mI (65) boot:  1 phy_init         RF data          01 01 0000f000 00001000[0m
[0;32mI (71) boot:  2 factory          factory app      00 00 00010000 00100000[0m
[0;32mI (78) boot: End of partition table[0m
[0;32mI (81) esp_image: segment 0: paddr=00010020 vaddr=3c020020 size=0ccech ( 52460) map[0m
[0;32mI (98) esp_image: segment 1: paddr=0001cd14 vaddr=3fc94700 size=02aech ( 10988) load[0m
[0;32mI (100) esp_image: segment 2: paddr=0001f808 vaddr=40374000 size=00810h (  2064) load[0m
[0;32mI (104) esp_image: segment 3: paddr=00020020 vaddr=42000020 size=1e9a4h (125348) map[0m
[0;32mI (133) esp_image: segment 4: paddr=0003e9cc vaddr=40374810 size=0fecch ( 65228) load[0m
[0;32mI (147) esp_image: segment 5: paddr=0004e8a0 vaddr=600fe100 size=0001ch (    28) load[0m
[0;32mI (154) boot: Loaded app from partition at offset 0x10000[0m
[0;32mI (154) boot: Disabling RNG early entropy source...[0m
[1;31mE (165) quad_psram: PSRAM ID read error: 0x00ffffff, PSRAM chip not found or not supported, or wrong PSRAM line mode[0m
E cpu_start: Failed to init external RAM!

abort() was called at PC 0x40375575 on core 0


Backtrace: 0x40375c99:0x3fceb220 0x4037b9b9:0x3fceb240 0x40382605:0x3fceb260 0x40375575:0x3fceb2d0 0x403ccaa4:0x3fceb340 0x403ccee1:0x3fceb380 0x403c8991:0x3fceb4b0 0x40045c01:0x3fceb570 0x40043ab6:0x3fceb6f0 0x40034c45:0x3fceb710




ELF file SHA256: 

Rebooting...
���ESP-ROM:esp32s3-20210327
Build:Mar 27 2021
rst:0xc (RTC_SW_CPU_RST),boot:0x8 (SPI_FAST_FLASH_BOOT)
Saved PC:0x40375bd9
SPIWP:0xee
mode:DIO, clock div:1
load:0x3fce2810,len:0x15a0
load:0x403c8700,len:0x4
load:0x403c8704,len:0xd20
load:0x403cb700,len:0x2f00
entry 0x403c8928
[0;32mI (31) boot: ESP-IDF v5.4.1 2nd stage bootloader[0m
[0;32mI (31) boot: compile time May 23 2026 10:26:28[0m
[0;32mI (31) boot: Multicore bootloader[0m
[0;32mI (31) boot: chip revision: v0.2[0m
[0;32mI (34) boot: efuse block revision: v1.3[0m
[0;32mI (38) boot.esp32s3: Boot SPI Speed : 80MHz[0m
[0;32mI (42) boot.esp32s3: SPI Mode       : DIO[0m
[0;32mI (45) boot.esp32s3: SPI Flash Size : 2MB[0m
[0;32mI (49) boot: Enabling RNG early entropy source...[0m
[0;32mI (54) boot: Partition Table:[0m
[0;32mI (56) boot: ## Label            Usage          Type ST Offset   Length[0m
[0;32mI (63) boot:  0 nvs              WiFi data        01 02 00009000 00006000[0m
[0;32mI (69) boot:  1 phy_init         RF data          01 01 0000f000 00001000[0m
[0;32mI (76) boot:  2 factory          factory app      00 00 00010000 00100000[0m
[0;32mI (82) boot: End of partition table[0m
[0;32mI (85) esp_image: segment 0: paddr=00010020 vaddr=3c020020 size=0ccech ( 52460) map[0m
[0;32mI (102) esp_image: segment 1: paddr=0001cd14 vaddr=3fc94700 size=02aech ( 10988) load[0m
[0;32mI (105) esp_image: segment 2: paddr=0001f808 vaddr=40374000 size=00810h (  2064) load[0m
[0;32mI (108) esp_image: segment 3: paddr=00020020 vaddr=42000020 size=1e9a4h (125348) map[0m
[0;32mI (138) esp_image: segment 4: paddr=0003e9cc vaddr=40374810 size=0fecch ( 65228) load[0m
[0;32mI (152) esp_image: segment 5: paddr=0004e8a0 vaddr=600fe100 size=0001ch (    28) load[0m
[0;32mI (158) boot: Loaded app from partition at offset 0x10000[0m
[0;32mI (159) boot: Disabling RNG early entropy source...[0m
[1;31mE (170) quad_psram: PSRAM ID read error: 0x00ffffff, PSRAM chip not found or not supported, or wrong PSRAM line mode[0m
E cpu_start: Failed to init external RAM!

abort() was called at PC 0x40375575 on core 0


Backtrace: 0x40375c99:0x3fceb220 0x4037b9b9:0x3fceb240 0x40382605:0x3fceb260 0x40375575:0x3fceb2d0 0x403ccaa4:0x3fceb340 0x403ccee1:0x3fceb380 0x403c8991:0x3fceb4b0 0x40045c01:0x3fceb570 0x40043ab6:0x3fceb6f0 0x40034c45:0x3fceb710




ELF file SHA256: 

Rebooting...
ESP-ROM:esp32s3-20210327
Build:Mar 27 2021
rst:0xc (RTC_SW_CPU_RST),boot:0x8 (SPI_FAST_FLASH_BOOT)
Saved PC:0x40375bd9
SPIWP:0xee
mode:DIO, clock div:1
load:0x3fce2810,len:0x15a0
load:0x403c8700,len:0x4
load:0x403c8704,len:0xd20
load:0x403cb700,len:0x2f00
entry 0x403c8928
[0;32mI (31) boot: ESP-IDF v5.4.1 2nd stage bootloader[0m
[0;32mI (31) boot: compile time May 23 2026 10:26:28[0m
[0;32mI (31) boot: Multicore bootloader[0m
[0;32mI (31) boot: chip revision: v0.2[0m
[0;32mI (34) boot: efuse block revision: v1.3[0m
[0;32mI (38) boot.esp32s3: Boot SPI Speed : 80MHz[0m
[0;32mI (42) boot.esp32s3: SPI Mode       : DIO[0m
[0;32mI (45) boot.esp32s3: SPI Flash Size : 2MB[0m
[0;32mI (49) boot: Enabling RNG early entropy source...[0m
[0;32mI (54) boot: Partition Table:[0m
[0;32mI (56) boot: ## Label            Usage          Type ST Offset   Length[0m
[0;32mI (63) boot:  0 nvs              WiFi data        01 02 00009000 00006000[0m
[0;32mI (69) boot:  1 phy_init         RF data          01 01 0000f000 00001000[0m
[0;32mI (76) boot:  2 factory          factory app      00 00 00010000 00100000[0m
[0;32mI (82) boot: End of partition table[0m
[0;32mI (85) esp_image: segment 0: paddr=00010020 vaddr=3c020020 size=0ccech ( 52460) map[0m
[0;32mI (102) esp_image: segment 1: paddr=0001cd14 vaddr=3fc94700 size=02aech ( 10988) load[0m
[0;32mI (105) esp_image: segment 2: paddr=0001f808 vaddr=40374000 size=00810h (  2064) load[0m
[0;32mI (108) esp_image: segment 3: paddr=00020020 vaddr=42000020 size=1e9a4h (125348) map[0m
[0;32mI (138) esp_image: segment 4: paddr=0003e9cc vaddr=40374810 size=0fecch ( 65228) load[0m
[0;32mI (152) esp_image: segment 5: paddr=0004e8a0 vaddr=600fe100 size=0001ch (    28) load[0m
[0;32mI (158) boot: Loaded app from partition at offset 0x10000[0m
[0;32mI (159) boot: Disabling RNG early entropy source...[0m
[1;31mE (170) quad_psram: PSRAM ID read error: 0x00ffffff, PSRAM chip not found or not supported, or wrong PSRAM line mode[0m
E cpu_start: Failed to init external RAM!

abort() was called at PC 0x40375575 on core 0


Backtrace: 0x40375c99:0x3fceb220 0x4037b9b9:0x3fceb240 0x40382605:0x3fceb260 0x40375575:0x3fceb2d0 0x403ccaa4:0x3fceb340 0x403ccee1:0x3fceb380 0x403c8991:0x3fceb4b0 0x40045c01:0x3fceb570 0x40043ab6:0x3fceb6f0 0x40034c45:0x3fceb710




ELF file SHA256: 

Rebooting...
ESP-ROM:esp32s3-20210327
Build:Mar 27 2021
rst:0xc (RTC_SW_CPU_RST),boot:0x8 (SPI_FAST_FLASH_BOOT)
Saved PC:0x40375bd9
SPIWP:0xee
mode:DIO, clock div:1
load:0x3fce2810,len:0x15a0
load:0x403c8700,len:0x4
load:0x403c8704,len:0xd20
load:0x403cb700,len:0x2f00
entry 0x403c8928
[0;32mI (31) boot: ESP-IDF v5.4.1 2nd stage bootloader[0m
[0;32mI (31) boot: compile time May 23 2026 10:26:28[0m
[0;32mI (31) boot: Multicore bootloader[0m
[0;32mI (31) boot: chip revision: v0.2[0m
[0;32mI (34) boot: efuse block revision: v1.3[0m
[0;32mI (38) boot.esp32s3: Boot SPI Speed : 80MHz[0m
[0;32mI (42) boot.esp32s3: SPI Mode       : DIO[0m
[0;32mI (45) boot.esp32s3: SPI Flash Size : 2MB[0m
[0;32mI (49) boot: Enabling RNG early entropy source...[0m
[0;32mI (54) boot: Partition Table:[0m
[0;32mI (56) boot: ## Label            Usage          Type ST Offset   Length[0m
[0;32mI (63) boot:  0 nvs              WiFi data        01 02 00009000 00006000[0m
[0;32mI (69) boot:  1 phy_init         RF data          01 01 0000f000 00001000[0m
[0;32mI (76) boot:  2 factory          factory app      00 00 00010000 00100000[0m
[0;32mI (82) boot: End of partition table[0m
[0;32mI (85) esp_image: segment 0: paddr=00010020 vaddr=3c020020 size=0ccech ( 52460) map[0m
[0;32mI (102) esp_image: segment 1: paddr=0001cd14 vaddr=3fc94700 size=02aech ( 10988) load[0m
[0;32mI (105) esp_image: segment 2: paddr=0001f808 vaddr=40374000 size=00810h (  2064) load[0m
[0;32mI (108) esp_image: segment 3: paddr=00020020 vaddr=42000020 size=1e9a4h (125348) map[0m
[0;32mI (138) esp_image: segment 4: paddr=0003e9cc vaddr=40374810 size=0fecch ( 65228) load[0m
[0;32mI (152) esp_image: segment 5: paddr=0004e8a0 vaddr=600fe100 size=0001ch (    28) load[0m
[0;32mI (158) boot: Loaded app from partition at offset 0x10000[0m
[0;32mI (159) boot: Disabling RNG early entropy source...[0m
[1;31mE (170) quad_psram: PSRAM ID read error: 0x00ffffff, PSRAM chip not found or not supported, or wrong PSRAM line mode[0m
E cpu_start: Failed to init external RAM!

abort() was called at PC 0x40375575 on core 0


Backtrace: 0x40375c99:0x3fceb220 0x4037b9b9:0x3fceb240 0x40382605:0x3fceb260 0x40375575:0x3fceb2d0 0x403ccaa4:0x3fceb340 0x403ccee1:0x3fceb380 0x403c8991:0x3fceb4b0 0x40045c01:0x3fceb570 0x40043ab6:0x3fceb6f0 0x40034c45:0x3fceb710




ELF file SHA256: 

Rebooting...
ESP-ROM:esp32s3-20210327
Build:Mar 27 2021
rst:0xc (RTC_SW_CPU_RST),boot:0x8 (SPI_FAST_FLASH_BOOT)
Saved PC:0x40375bd9
SPIWP:0xee
mode:DIO, clock div:1
load:0x3fce2810,len:0x15a0
load:0x403c8700,len:0x4
load:0x403c8704,len:0xd20
load:0x403cb700,len:0x2f00
entry 0x403c8928
[0;32mI (31) boot: ESP-IDF v5.4.1 2nd stage bootloader[0m
[0;32mI (31) boot: compile time May 23 2026 10:26:28[0m
[0;32mI (31) boot: Multicore bootloader[0m
[0;32mI (31) boot: chip revision: v0.2[0m
[0;32mI (34) boot: efuse block revision: v1.3[0m
[0;32mI (38) boot.esp32s3: Boot SPI Speed : 80MHz[0m
[0;32mI (42) boot.esp32s3: SPI Mode       : DIO[0m
[0;32mI (45) boot.esp32s3: SPI Flash Size : 2MB[0m
[0;32mI (49) boot: Enabling RNG early entropy source...[0m
[0;32mI (54) boot: Partition Table:[0m
[0;32mI (56) boot: ## Label            Usage          Type ST Offset   Length[0m
[0;32mI (63) boot:  0 nvs              WiFi data        01 02 00009000 00006000[0m
[0;32mI (69) boot:  1 phy_init         RF data          01 01 0000f000 00001000[0m
[0;32mI (76) boot:  2 factory          factory app      00 00 00010000 00100000[0m
[0;32mI (82) boot: End of partition table[0m
[0;32mI (85) esp_image: segment 0: paddr=00010020 vaddr=3c020020 size=0ccech ( 52460) map[0m
[0;32mI (102) esp_image: segment 1: paddr=0001cd14 vaddr=3fc94700 size=02aech ( 10988) load[0m
[0;32mI (105) esp_image: segment 2: paddr=0001f808 vaddr=40374000 size=00810h (  2064) load[0m
[0;32mI (108) esp_image: segment 3: paddr=00020020 vaddr=42000020 size=1e9a4h (125348) map[0m
[0;32mI (138) esp_image: segment 4: paddr=0003e9cc vaddr=40374810 size=0fecch ( 65228) load[0m
[0;32mI (152) esp_image: segment 5: paddr=0004e8a0 vaddr=600fe100 size=0001ch (    28) load[0m
[0;32mI (158) boot: Loaded app from partition at offset 0x10000[0m
[0;32mI (159) boot: Disabling RNG early entropy source...[0m
[1;31mE (170) quad_psram: PSRAM ID read error: 0x00ffffff, PSRAM chip not found or not supported, or wrong PSRAM line mode[0m
E cpu_start: Failed to init external RAM!

abort() was called at PC 0x40375575 on core 0


Backtrace: 0x40375c99:0x3fceb220 0x4037b9b9:0x3fceb240 0x40382605:0x3fceb260 0x40375575:0x3fceb2d0 0x403ccaa4:0x3fceb340 0x403ccee1:0x3fceb380 0x403c8991:0x3fceb4b0 0x40045c01:0x3fceb570 0x40043ab6:0x3fceb6f0 0x40034c45:0x3fceb710




ELF file SHA256: 

Rebooting...
ESP-ROM:esp32s3-20210327
Build:Mar 27 2021
rst:0xc (RTC_SW_CPU_RST),boot:0x8 (SPI_FAST_FLASH_BOOT)
Saved PC:0x40375bd9
SPIWP:0xee
mode:DIO, clock div:1
load:0x3fce2810,len:0x15a0
load:0x403c8700,len:0x4
load:0x403c8704,len:0xd20
load:0x403cb700,len:0x2f00
entry 0x403c8928
[0;32mI (31) boot: ESP-IDF v5.4.1 2nd stage bootloader[0m
[0;32mI (31) boot: compile time May 23 2026 10:26:28[0m
[0;32mI (31) boot: Multicore bootloader[0m
[0;32mI (31) boot: chip revision: v0.2[0m
[0;32mI (34) boot: efuse block revision: v1.3[0m
[0;32mI (38) boot.esp32s3: Boot SPI Speed : 80MHz[0m
[0;32mI (42) boot.esp32s3: SPI Mode       : DIO[0m
[0;32mI (45) boot.esp32s3: SPI Flash Size : 2MB[0m
[0;32mI (49) boot: Enabling RNG early entropy source...[0m
[0;32mI (54) boot: Partition Table:[0m
[0;32mI (56) boot: ## Label            Usage          Type ST Offset   Length[0m
[0;32mI (63) boot:  0 nvs              WiFi data        01 02 00009000 00006000[0m
[0;32mI (69) boot:  1 phy_init         RF data          01 01 0000f000 00001000[0m
[0;32mI (76) boot:  2 factory          factory app      00 00 00010000 00100000[0m
[0;32mI (82) boot: End of partition table[0m
[0;32mI (85) esp_image: segment 0: paddr=00010020 vaddr=3c020020 size=0ccech ( 52460) map[0m
[0;32mI (102) esp_image: segment 1: paddr=0001cd14 vaddr=3fc94700 size=02aech ( 10988) load[0m
[0;32mI (105) esp_image: segment 2: paddr=0001f808 vaddr=40374000 size=00810h (  2064) load[0m
[0;32mI (108) esp_image: segment 3: paddr=00020020 vaddr=42000020 size=1e9a4h (125348) map[0m
[0;32mI (138) esp_image: segment 4: paddr=0003e9cc vaddr=40374810 size=0fecch ( 65228) load[0m
[0;32mI (152) esp_image: segment 5: paddr=0004e8a0 vaddr=600fe100 size=0001ch (    28) load[0m
[0;32mI (158) boot: Loaded app from partition at offset 0x10000[0m
[0;32mI (159) boot: Disabling RNG early entropy source...[0m
[1;31mE (170) quad_psram: PSRAM ID read error: 0x00ffffff, PSRAM chip not found or not supported, or wrong PSRAM line mode[0m
E cpu_start: Failed to init external RAM!

abort() was called at PC 0x40375575 on core 0


Backtrace: 0x40375c99:0x3fceb220 0x4037b9b9:0x3fceb240 0x40382605:0x3fceb260 0x40375575:0x3fceb2d0 0x403ccaa4:0x3fceb340 0x403ccee1:0x3fceb380 0x403c8991:0x3fceb4b0 0x40045c01:0x3fceb570 0x40043ab6:0x3fceb6f0 0x40034c45:0x3fceb710




ELF file SHA256: 

Rebooting...
ESP-ROM:esp32s3-20210327
Build:Mar 27 2021
rst:0xc (RTC_SW_CPU_RST),boot:0x8 (SPI_FAST_FLASH_BOOT)
Saved PC:0x40375bd9
SPIWP:0xee
mode:DIO, clock div:1
load:0x3fce2810,len:0x15a0
load:0x403c8700,len:0x4
load:0x403c8704,len:0xd20
load:0x403cb700,len:0x2f00
entry 0x403c8928
[0;32mI (31) boot: ESP-IDF v5.4.1 2nd stage bootloader[0m
[0;32mI (31) boot: compile time May 23 2026 10:26:28[0m
[0;32mI (31) boot: Multicore bootloader[0m
[0;32mI (31) boot: chip revision: v0.2[0m
[0;32mI (34) boot: efuse block revision: v1.3[0m
[0;32mI (38) boot.esp32s3: Boot SPI Speed : 80MHz[0m
[0;32mI (42) boot.esp32s3: SPI Mode       : DIO[0m
[0;32mI (45) boot.esp32s3: SPI Flash Size : 2MB[0m
[0;32mI (49) boot: Enabling RNG early entropy source...[0m
[0;32mI (54) boot: Partition Table:[0m
[0;32mI (56) boot: ## Label            Usage          Type ST Offset   Length[0m
[0;32mI (63) boot:  0 nvs              WiFi data        01 02 00009000 00006000[0m
[0;32mI (69) boot:  1 phy_init         RF data          01 01 0000f000 00001000[0m
[0;32mI (76) boot:  2 factory          factory app      00 00 00010000 00100000[0m
[0;32mI (82) boot: End of partition table[0m
[0;32mI (85) esp_image: segment 0: paddr=00010020 vaddr=3c020020 size=0ccech ( 52460) map[0m
[0;32mI (102) esp_image: segment 1: paddr=0001cd14 vaddr=3fc94700 size=02aech ( 10988) load[0m
[0;32mI (105) esp_image: segment 2: paddr=0001f808 vaddr=40374000 size=00810h (  2064) load[0m
[0;32mI (108) esp_image: segment 3: paddr=00020020 vaddr=42000020 size=1e9a4h (125348) map[0m
[0;32mI (138) esp_image: segment 4: paddr=0003e9cc vaddr=40374810 size=0fecch ( 65228) load[0m
[0;32mI (152) esp_image: segment 5: paddr=0004e8a0 vaddr=600fe100 size=0001ch (    28) load[0m
[0;32mI (158) boot: Loaded app from partition at offset 0x10000[0m
[0;32mI (159) boot: Disabling RNG early entropy source...[0m
[1;31mE (170) quad_psram: PSRAM ID read error: 0x00ffffff, PSRAM chip not found or not supported, or wrong PSRAM line mode[0m
E cpu_start: Failed to init external RAM!

abort() was called at PC 0x40375575 on core 0


Backtrace: 0x40375c99:0x3fceb220 0x4037b9b9:0x3fceb240 0x40382605:0x3fceb260 0x40375575:0x3fceb2d0 0x403ccaa4:0x3fceb340 0x403ccee1:0x3fceb380 0x403c8991:0x3fceb4b0 0x40045c01:0x3fceb570 0x40043ab6:0x3fceb6f0 0x40034c45:0x3fceb710




ELF file SHA256: 

Rebooting...
ESP-ROM:esp32s3-20210327
Build:Mar 27 2021
rst:0xc (RTC_SW_CPU_RST),boot:0x8 (SPI_FAST_FLASH_BOOT)
Saved PC:0x40375bd9
SPIWP:0xee
mode:DIO, clock div:1
load:0x3fce2810,len:0x15a0
load:0x403c8700,len:0x4
load:0x403c8704,len:0xd20
load:0x403cb700,len:0x2f00
entry 0x403c8928
[0;32mI (31) boot: ESP-IDF v5.4.1 2nd stage bootloader[0m
[0;32mI (31) boot: compile time May 23 2026 10:26:28[0m
[0;32mI (31) boot: Multicore bootloader[0m
[0;32mI (31) boot: chip revision: v0.2[0m
[0;32mI (34) boot: efuse block revision: v1.3[0m
[0;32mI (38) boot.esp32s3: Boot SPI Speed : 80MHz[0m
[0;32mI (42) boot.esp32s3: SPI Mode       : DIO[0m
[0;32mI (45) boot.esp32s3: SPI Flash Size : 2MB[0m
[0;32mI (49) boot: Enabling RNG early entropy source...[0m
[0;32mI (54) boot: Partition Table:[0m
[0;32mI (56) boot: ## Label            Usage          Type ST Offset   Length[0m
[0;32mI (63) boot:  0 nvs              WiFi data        01 02 00009000 00006000[0m
[0;32mI (69) boot:  1 phy_init         RF data          01 01 0000f000 00001000[0m
[0;32mI (76) boot:  2 factory          factory app      00 00 00010000 00100000[0m
[0;32mI (82) boot: End of partition table[0m
[0;32mI (85) esp_image: segment 0: paddr=00010020 vaddr=3c020020 size=0ccech ( 52460) map[0m
[0;32mI (102) esp_image: segment 1: paddr=0001cd14 vaddr=3fc94700 size=02aech ( 10988) load[0m
[0;32mI (105) esp_image: segment 2: paddr=0001f808 vaddr=40374000 size=00810h (  2064) load[0m
[0;32mI (108) esp_image: segment 3: paddr=00020020 vaddr=42000020 size=1e9a4h (125348) map[0m
[0;32mI (138) esp_image: segment 4: paddr=0003e9cc vaddr=40374810 size=0fecch ( 65228) load[0m
[0;32mI (152) esp_image: segment 5: paddr=0004e8a0 vaddr=600fe100 size=0001ch (    28) load[0m
[0;32mI (158) boot: Loaded app from partition at offset 0x10000[0m
[0;32mI (159) boot: Disabling RNG early entropy source...[0m
[1;31mE (170) quad_psram: PSRAM ID read error: 0x00ffffff, PSRAM chip not found or not supported, or wrong PSRAM line mode[0m
E cpu_start: Failed to init external RAM!

abort() was called at PC 0x40375575 on core 0


Backtrace: 0x40375c99:0x3fceb220 0x4037b9b9:0x3fceb240 0x40382605:0x3fceb260 0x40375575:0x3fceb2d0 0x403ccaa4:0x3fceb340 0x403ccee1:0x3fceb380 0x403c8991:0x3fceb4b0 0x40045c01:0x3fceb570 0x40043ab6:0x3fceb6f0 0x40034c45:0x3fceb710




ELF file SHA256: 

Rebooting...
ESP-ROM:esp32s3-20210327
Build:Mar 27 2021
rst:0xc (RTC_SW_CPU_RST),boot:0x8 (SPI_FAST_FLASH_BOOT)
Saved PC:0x40375bd9
SPIWP:0xee
mode:DIO, clock div:1
load:0x3fce2810,len:0x15a0
load:0x403c8700,len:0x4
load:0x403c8704,len:0xd20
load:0x403cb700,len:0x2f00
entry 0x403c8928
[0;32mI (31) boot: ESP-IDF v5.4.1 2nd stage bootloader[0m
[0;32mI (31) boot: compile time May 23 2026 10:26:28[0m
[0;32mI (31) boot: Multicore bootloader[0m
[0;32mI (31) boot: chip revision: v0.2[0m
[0;32mI (34) boot: efuse block revision: v1.3[0m
[0;32mI (38) boot.esp32s3: Boot SPI Speed : 80MHz[0m
[0;32mI (42) boot.esp32s3: SPI Mode       : DIO[0m
[0;32mI (45) boot.esp32s3: SPI Flash Size : 2MB[0m
[0;32mI (49) boot: Enabling RNG early entropy source...[0m
[0;32mI (54) boot: Partition Table:[0m
[0;32mI (56) boot: ## Label            Usage          Type ST Offset   Length[0m
[0;32mI (63) boot:  0 nvs              WiFi data        01 02 00009000 00006000[0m
[0;32mI (69) boot:  1 phy_init         RF data          01 01 0000f000 00001000[0m
[0;32mI (76) boot:  2 factory          factory app      00 00 00010000 00100000[0m
[0;32mI (82) boot: End of partition table[0m
[0;32mI (85) esp_image: segment 0: paddr=00010020 vaddr=3c020020 size=0ccech ( 52460) map[0m
[0;32mI (102) esp_image: segment 1: paddr=0001cd14 vaddr=3fc94700 size=02aech ( 10988) load[0m
[0;32mI (105) esp_image: segment 2: paddr=0001f808 vaddr=40374000 size=00810h (  2064) load[0m
[0;32mI (108) esp_image: segment 3: paddr=00020020 vaddr=42000020 size=1e9a4h (125348) map[0m
[0;32mI (138) esp_image: segment 4: paddr=0003e9cc vaddr=40374810 size=0fecch ( 65228) load[0m
[0;32mI (152) esp_image: segment 5: paddr=0004e8a0 vaddr=600fe100 size=0001ch (    28) load[0m
[0;32mI (158) boot: Loaded app from partition at offset 0x10000[0m
[0;32mI (159) boot: Disabling RNG early entropy source...[0m
[1;31mE (170) quad_psram: PSRAM ID read error: 0x00ffffff, PSRAM chip not found or not supported, or wrong PSRAM line mode[0m
E cpu_start: Failed to init external RAM!

abort() was called at PC 0x40375575 on core 0


Backtrace: 0x40375c99:0x3fceb220 0x4037b9b9:0x3fceb240 0x40382605:0x3fceb260 0x40375575:0x3fceb2d0 0x403ccaa4:0x3fceb340 0x403ccee1:0x3fceb380 0x403c8991:0x3fceb4b0 0x40045c01:0x3fceb570 0x40043ab6:0x3fceb6f0 0x40034c45:0x3fceb710




ELF file SHA256: 

Rebooting...
ESP-ROM:esp32s3-20210327
Build:Mar 27 2021
rst:0xc (RTC_SW_CPU_RST),boot:0x8 (SPI_FAST_FLASH_BOOT)
Saved PC:0x40375bd9
SPIWP:0xee
mode:DIO, clock div:1
load:0x3fce2810,len:0x15a0
load:0x403c8700,len:0x4
load:0x403c8704,len:0xd20
load:0x403cb700,len:0x2f00
entry 0x403c8928
[0;32mI (31) boot: ESP-IDF v5.4.1 2nd stage bootloader[0m
[0;32mI (31) boot: compile time May 23 2026 10:26:28[0m
[0;32mI (31) boot: Multicore bootloader[0m
[0;32mI (31) boot: chip revision: v0.2[0m
[0;32mI (34) boot: efuse block revision: v1.3[0m
[0;32mI (38) boot.esp32s3: Boot SPI Speed : 80MHz[0m
[0;32mI (42) boot.esp32s3: SPI Mode       : DIO[0m
[0;32mI (45) boot.esp32s3: SPI Flash Size : 2MB[0m
[0;32mI (49) boot: Enabling RNG early entropy source...[0m
[0;32mI (54) boot: Partition Table:[0m
[0;32mI (56) boot: ## Label            Usage          Type ST Offset   Length[0m
[0;32mI (63) boot:  0 nvs              WiFi data        01 02 00009000 00006000[0m
[0;32mI (69) boot:  1 phy_init         RF data          01 01 0000f000 00001000[0m
[0;32mI (76) boot:  2 factory          factory app      00 00 00010000 00100000[0m
[0;32mI (82) boot: End of partition table[0m
[0;32mI (85) esp_image: segment 0: paddr=00010020 vaddr=3c020020 size=0ccech ( 52460) map[0m
[0;32mI (102) esp_image: segment 1: paddr=0001cd14 vaddr=3fc94700 size=02aech ( 10988) load[0m
[0;32mI (105) esp_image: segment 2: paddr=0001f808 vaddr=40374000 size=00810h (  2064) load[0m
[0;32mI (108) esp_image: segment 3: paddr=00020020 vaddr=42000020 size=1e9a4h (125348) map[0m
[0;32mI (138) esp_image: segment 4: paddr=0003e9cc vaddr=40374810 size=0fecch ( 65228) load[0m
[0;32mI (152) esp_image: segment 5: paddr=0004e8a0 vaddr=600fe100 size=0001ch (    28) load[0m
[0;32mI (158) boot: Loaded app from partition at offset 0x10000[0m
[0;32mI (159) boot: Disabling RNG early entropy source...[0m
[1;31mE (170) quad_psram: PSRAM ID read error: 0x00ffffff, PSRAM chip not found or not supported, or wrong PSRAM line mode[0m
E cpu_start: Failed to init external RAM!

abort() was called at PC 0x40375575 on core 0


Backtrace: 0x40375c99:0x3fceb220 0x4037b9b9:0x3fceb240 0x40382605:0x3fceb260 0x40375575:0x3fceb2d0 0x403ccaa4:0x3fceb340 0x403ccee1:0x3fceb380 0x403c8991:0x3fceb4b0 0x40045c01:0x3fceb570 0x40043ab6:0x3fceb6f0 0x40034c45:0x3fceb710




ELF file SHA256: 

Rebooting...
ESP-ROM:esp32s3-20210327
Build:Mar 27 2021
rst:0xc (RTC_SW_CPU_RST),boot:0x8 (SPI_FAST_FLASH_BOOT)
Saved PC:0x40375bd9
SPIWP:0xee
mode:DIO, clock div:1
load:0x3fce2810,len:0x15a0
load:0x403c8700,len:0x4
load:0x403c8704,len:0xd20
load:0x403cb700,len:0x2f00
entry 0x403c8928
[0;32mI (31) boot: ESP-IDF v5.4.1 2nd stage bootloader[0m
[0;32mI (31) boot: compile time May 23 2026 10:26:28[0m
[0;32mI (31) boot: Multicore bootloader[0m
[0;32mI (31) boot: chip revision: v0.2[0m
[0;32mI (34) boot: efuse block revision: v1.3[0m
[0;32mI (38) boot.esp32s3: Boot SPI Speed : 80MHz[0m
[0;32mI (42) boot.esp32s3: SPI Mode       : DIO[0m
[0;32mI (45) boot.esp32s3: SPI Flash Size : 2MB[0m
[0;32mI (49) boot: Enabling RNG early entropy source...[0m
[0;32mI (54) boot: Partition Table:[0m
[0;32mI (56) boot: ## Label            Usage          Type ST Offset   Length[0m
[0;32mI (63) boot:  0 nvs              WiFi data        01 02 00009000 00006000[0m
[0;32mI (69) boot:  1 phy_init         RF data          01 01 0000f000 00001000[0m
[0;32mI (76) boot:  2 factory          factory app      00 00 00010000 00100000[0m
[0;32mI (82) boot: End of partition table[0m
[0;32mI (85) esp_image: segment 0: paddr=00010020 vaddr=3c020020 size=0ccech ( 52460) map[0m
[0;32mI (102) esp_image: segment 1: paddr=0001cd14 vaddr=3fc94700 size=02aech ( 10988) load[0m
[0;32mI (105) esp_image: segment 2: paddr=0001f808 vaddr=40374000 size=00810h (  2064) load[0m
[0;32mI (108) esp_image: segment 3: paddr=00020020 vaddr=42000020 size=1e9a4h (125348) map[0m
[0;32mI (138) esp_image: segment 4: paddr=0003e9cc vaddr=40374810 size=0fecch ( 65228) load[0m
[0;32mI (152) esp_image: segment 5: paddr=0004e8a0 vaddr=600fe100 size=0001ch (    28) load[0m
[0;32mI (158) boot: Loaded app from partition at offset 0x10000[0m
[0;32mI (159) boot: Disabling RNG early entropy source...[0m
[1;31mE (170) quad_psram: PSRAM ID read error: 0x00ffffff, PSRAM chip not found or not supported, or wrong PSRAM line mode[0m
E cpu_start: Failed to init external RAM!

abort() was called at PC 0x40375575 on core 0


Backtrace: 0x40375c99:0x3fceb220 0x4037b9b9:0x3fceb240 0x40382605:0x3fceb260 0x40375575:0x3fceb2d0 0x403ccaa4:0x3fceb340 0x403ccee1:0x3fceb380 0x403c8991:0x3fceb4b0 0x40045c01:0x3fceb570 0x40043ab6:0x3fceb6f0 0x40034c45:0x3fceb710




ELF file SHA256: 

Rebooting...
ESP-ROM:esp32s3-20210327
Build:Mar 27 2021
rst:0xc (RTC_SW_CPU_RST),boot:0x8 (SPI_FAST_FLASH_BOOT)
Saved PC:0x40375bd9
SPIWP:0xee
mode:DIO, clock div:1
load:0x3fce2810,len:0x15a0
load:0x403c8700,len:0x4
load:0x403c8704,len:0xd20
load:0x403cb700,len:0x2f00
entry 0x403c8928
[0;32mI (31) boot: ESP-IDF v5.4.1 2nd stage bootloader[0m
[0;32mI (31) boot: compile time May 23 2026 10:26:28[0m
[0;32mI (31) boot: Multicore bootloader[0m
[0;32mI (31) boot: chip revision: v0.2[0m
[0;32mI (34) boot: efuse block revision: v1.3[0m
[0;32mI (38) boot.esp32s3: Boot SPI Speed : 80MHz[0m
[0;32mI (42) boot.esp32s3: SPI Mode       : DIO[0m
[0;32mI (45) boot.esp32s3: SPI Flash Size : 2MB[0m
[0;32mI (49) boot: Enabling RNG early entropy source...[0m
[0;32mI (54) boot: Partition Table:[0m
[0;32mI (56) boot: ## Label            Usage          Type ST Offset   Length[0m
[0;32mI (63) boot:  0 nvs              WiFi data        01 02 00009000 00006000[0m
[0;32mI (69) boot:  1 phy_init         RF data          01 01 0000f000 00001000[0m
[0;32mI (76) boot:  2 factory          factory app      00 00 00010000 00100000[0m
[0;32mI (82) boot: End of partition table[0m
[0;32mI (85) esp_image: segment 0: paddr=00010020 vaddr=3c020020 size=0ccech ( 52460) map[0m
[0;32mI (102) esp_image: segment 1: paddr=0001cd14 vaddr=3fc94700 size=02aech ( 10988) load[0m
[0;32mI (105) esp_image: segment 2: paddr=0001f808 vaddr=40374000 size=00810h (  2064) load[0m
[0;32mI (108) esp_image: segment 3: paddr=00020020 vaddr=42000020 size=1e9a4h (125348) map[0m
[0;32mI (138) esp_image: segment 4: paddr=0003e9cc vaddr=40374810 size=0fecch ( 65228) load[0m
