�(177) cpu_start�ESP-ROM:esp32s3-20210327
Build:Mar 27 2021
rst:0x1 (POWERON),boot:0x8 (SPI_FAST_FLASH_BOOT)
SPIWP:0xee
mode:DIO, clock div:1
load:0x3fce2810,len:0x15a0
load:0x403c8700,len:0x4
load:0x403c8704,len:0xd20
load:0x403cb700,len:0x2f00
entry 0x403c8928
[0;32mI (27) boot: ESP-IDF v5.4.1 2nd stage bootloader[0m
[0;32mI (27) boot: compile time May 23 2026 10:26:28[0m
[0;32mI (27) boot: Multicore bootloader[0m
[0;32mI (27) boot: chip revision: v0.2[0m
[0;32mI (30) boot: efuse block revision: v1.3[0m
[0;32mI (33) boot.esp32s3: Boot SPI Speed : 80MHz[0m
[0;32mI (37) boot.esp32s3: SPI Mode       : DIO[0m
[0;32mI (41) boot.esp32s3: SPI Flash Size : 2MB[0m
[0;32mI (45) boot: Enabling RNG early entropy source...[0m
[0;32mI (49) boot: Partition Table:[0m
[0;32mI (52) boot: ## Label            Usage          Type ST Offset   Length[0m
[0;32mI (58) boot:  0 nvs              WiFi data        01 02 00009000 00006000[0m
[0;32mI (65) boot:  1 phy_init         RF data          01 01 0000f000 00001000[0m
[0;32mI (71) boot:  2 factory          factory app      00 00 00010000 00100000[0m
[0;32mI (78) boot: End of partition table[0m
[0;32mI (81) esp_image: segment 0: paddr=00010020 vaddr=3c030020 size=0d09ch ( 53404) map[0m
[0;32mI (98) esp_image: segment 1: paddr=0001d0c4 vaddr=3fc94100 size=02a38h ( 10808) load[0m
[0;32mI (100) esp_image: segment 2: paddr=0001fb04 vaddr=40374000 size=00514h (  1300) load[0m
[0;32mI (104) esp_image: segment 3: paddr=00020020 vaddr=42000020 size=22298h (139928) map[0m
[0;32mI (136) esp_image: segment 4: paddr=000422c0 vaddr=40374514 size=0fb48h ( 64328) load[0m
[0;32mI (150) esp_image: segment 5: paddr=00051e10 vaddr=600fe100 size=0001ch (    28) load[0m
[0;32mI (156) boot: Loaded app from partition at offset 0x10000[0m
[0;32mI (156) boot: Disabling RNG early entropy source...[0m
[0;32mI (167) cpu_start: Multicore app[0m
[0;32mI (177) cpu_start: Pro cpu start user code[0m
[0;32mI (177) cpu_start: cpu freq: 240000000 Hz[0m
[0;32mI (177) app_init: Application information:[0m
[0;32mI (177) app_init: Project name:     edge_ai_anomaly[0m
[0;32mI (181) app_init: App version:      1[0m
[0;32mI (185) app_init: Compile time:     May 23 2026 10:30:56[0m
[0;32mI (190) app_init: ELF file SHA256:  a1561459a...[0m
[0;32mI (194) app_init: ESP-IDF:          v5.4.1[0m
[0;32mI (198) efuse_init: Min chip rev:     v0.0[0m
[0;32mI (202) efuse_init: Max chip rev:     v0.99 [0m
[0;32mI (206) efuse_init: Chip rev:         v0.2[0m
[0;32mI (210) heap_init: Initializing. RAM available for dynamic allocation:[0m
[0;32mI (216) heap_init: At 3FC97470 len 000522A0 (328 KiB): RAM[0m
[0;32mI (221) heap_init: At 3FCE9710 len 00005724 (21 KiB): RAM[0m
[0;32mI (226) heap_init: At 3FCF0000 len 00008000 (32 KiB): DRAM[0m
[0;32mI (231) heap_init: At 600FE11C len 00001ECC (7 KiB): RTCRAM[0m
[0;32mI (238) spi_flash: detected chip: generic[0m
[0;32mI (240) spi_flash: flash io: dio[0m
[0;33mW (243) spi_flash: Detected size(16384k) larger than the size in the binary image header(2048k). Using the size in the binary image header.[0m
[0;33mW (255) i2c: This driver is an old driver, please migrate your application code to adapt `driver/i2c_master.h`[0m
[0;32mI (265) sleep_gpio: Configure to isolate all GPIO pins in sleep state[0m
[0;32mI (272) sleep_gpio: Enable automatic switching of GPIO sleep configuration[0m
[0;32mI (278) main_task: Started on CPU0[0m
[0;32mI (288) main_task: Calling app_main()[0m
[0;32mI (288) SENSOR_TEST: OneWire initialized[0m
[0;32mI (308) SENSOR_TEST:   0 : 1c0625928864bd28[0m
[0;32mI (308) SENSOR_TEST: Found 1 device[0m
[0;32mI (348) SENSOR_TEST: DS18B20 initialized[0m
[0;32mI (1028) SENSOR_TEST: ACCEL: X=0.68 Y=-0.59 Z=0.57 | SOUND=3585.96 | TEMP=28.69[0m
[0;32mI (2698) SENSOR_TEST: ACCEL: X=0.68 Y=-0.59 Z=0.57 | SOUND=1143.66 | TEMP=28.69[0m
[0;32mI (4368) SENSOR_TEST: ACCEL: X=0.67 Y=-0.59 Z=0.56 | SOUND=637.55 | TEMP=28.69[0m
[0;32mI (6038) SENSOR_TEST: ACCEL: X=0.67 Y=-0.59 Z=0.57 | SOUND=719.89 | TEMP=28.69[0m
[0;32mI (7708) SENSOR_TEST: ACCEL: X=0.68 Y=-0.59 Z=0.57 | SOUND=232.42 | TEMP=28.69[0m
[0;32mI (9378) SENSOR_TEST: ACCEL: X=0.68 Y=-0.58 Z=0.57 | SOUND=1020.78 | TEMP=28.69[0m
[0;32mI (11048) SENSOR_TEST: ACCEL: X=0.67 Y=-0.60 Z=0.56 | SOUND=1406.96 | TEMP=28.69[0m
[0;32mI (12718) SENSOR_TEST: ACCEL: X=0.68 Y=-0.58 Z=0.57 | SOUND=835.51 | TEMP=28.69[0m
[0;32mI (14388) SENSOR_TEST: ACCEL: X=0.67 Y=-0.59 Z=0.57 | SOUND=342.80 | TEMP=28.75[0m
[0;32mI (16058) SENSOR_TEST: ACCEL: X=0.67 Y=-0.59 Z=0.57 | SOUND=537.00 | TEMP=28.75[0m
[0;32mI (17728) SENSOR_TEST: ACCEL: X=0.67 Y=-0.59 Z=0.57 | SOUND=2488.49 | TEMP=28.75[0m
[0;32mI (19398) SENSOR_TEST: ACCEL: X=0.67 Y=-0.59 Z=0.55 | SOUND=490.07 | TEMP=28.75[0m
[0;32mI (21068) SENSOR_TEST: ACCEL: X=0.67 Y=-0.60 Z=0.57 | SOUND=427.69 | TEMP=28.75[0m
[0;32mI (22738) SENSOR_TEST: ACCEL: X=0.67 Y=-0.59 Z=0.57 | SOUND=301.04 | TEMP=28.75[0m
[0;32mI (24408) SENSOR_TEST: ACCEL: X=0.67 Y=-0.59 Z=0.58 | SOUND=457.70 | TEMP=28.75[0m
[0;32mI (26078) SENSOR_TEST: ACCEL: X=0.67 Y=-0.58 Z=0.57 | SOUND=1255.94 | TEMP=28.75[0m
[0;32mI (27748) SENSOR_TEST: ACCEL: X=0.67 Y=-0.58 Z=0.57 | SOUND=659.90 | TEMP=28.75[0m
[0;32mI (29418) SENSOR_TEST: ACCEL: X=0.68 Y=-0.60 Z=0.56 | SOUND=1574.89 | TEMP=28.75[0m
[0;32mI (31088) SENSOR_TEST: ACCEL: X=0.67 Y=-0.59 Z=0.56 | SOUND=319.58 | TEMP=28.75[0m
[0;32mI (32758) SENSOR_TEST: ACCEL: X=0.67 Y=-0.59 Z=0.57 | SOUND=399.51 | TEMP=28.81[0m
[0;32mI (34428) SENSOR_TEST: ACCEL: X=0.68 Y=-0.59 Z=0.57 | SOUND=372.74 | TEMP=28.81[0m
[0;32mI (36098) SENSOR_TEST: ACCEL: X=0.68 Y=-0.59 Z=0.57 | SOUND=553.06 | TEMP=28.81[0m
[0;32mI (37768) SENSOR_TEST: ACCEL: X=0.68 Y=-0.59 Z=0.56 | SOUND=378.57 | TEMP=28.81[0m
[0;32mI (39438) SENSOR_TEST: ACCEL: X=0.68 Y=-0.59 Z=0.56 | SOUND=805.82 | TEMP=28.81[0m
[0;32mI (41108) SENSOR_TEST: ACCEL: X=0.67 Y=-0.58 Z=0.57 | SOUND=432.87 | TEMP=28.81[0m
[0;32mI (42778) SENSOR_TEST: ACCEL: X=0.67 Y=-0.59 Z=0.57 | SOUND=795.69 | TEMP=28.81[0m
